message:
{ header: 
   { id: 2,
     qr: 0,
     opcode: 0,
     aa: 0,
     tc: 0,
     rd: 1,
     ra: 0,
     z: 0,
     ad: 0,
     cd: 0,
     rcode: 0,
     qdCount: 1,
     anCount: 0,
     nsCount: 0,
     arCount: 0,
     length: 12 },
  question: [ { qname: 'popd.ix.netcom.com', qtype: 1, qclass: 1, length: 24 } ],
  answer: [],
  authority: [],
  additional: [],
  length: 36 }
