message:
{ header: 
   { id: 2,
     qr: 1,
     opcode: 0,
     aa: 1,
     tc: 0,
     rd: 1,
     ra: 1,
     z: 0,
     ad: 0,
     cd: 0,
     rcode: 0,
     qdCount: 1,
     anCount: 3,
     nsCount: 6,
     arCount: 6,
     length: 12 },
  question: [ { qname: 'popd.ix.netcom.com', qtype: 1, qclass: 1, length: 24 } ],
  answer: 
   [ { name: 'popd.ix.netcom.com',
       type: 5,
       typeStr: 'CNAME',
       class: 1,
       ttl: 60,
       rdata: { length: 25, cname: 'popd.best.ix.netcom.com' },
       length: 37 },
     { name: 'popd.best.ix.netcom.com',
       type: 5,
       typeStr: 'CNAME',
       class: 1,
       ttl: 0,
       rdata: { length: 6, cname: 'ix6.ix.netcom.com' },
       length: 18 },
     { name: 'ix6.ix.netcom.com',
       type: 1,
       typeStr: 'A',
       class: 1,
       ttl: 7200,
       rdata: { length: 4, address: '199.182.120.6' },
       length: 16 } ],
  authority: 
   [ { name: 'ix.netcom.com',
       type: 2,
       typeStr: 'NS',
       class: 1,
       ttl: 7200,
       rdata: { length: 6, nsdname: 'ns1.ix.netcom.com' },
       length: 18 },
     { name: 'ix.netcom.com',
       type: 2,
       typeStr: 'NS',
       class: 1,
       ttl: 7200,
       rdata: { length: 6, nsdname: 'ns2.ix.netcom.com' },
       length: 18 },
     { name: 'ix.netcom.com',
       type: 2,
       typeStr: 'NS',
       class: 1,
       ttl: 7200,
       rdata: { length: 6, nsdname: 'ns3.ix.netcom.com' },
       length: 18 },
     { name: 'ix.netcom.com',
       type: 2,
       typeStr: 'NS',
       class: 1,
       ttl: 7200,
       rdata: { length: 6, nsdname: 'ns4.ix.netcom.com' },
       length: 18 },
     { name: 'ix.netcom.com',
       type: 2,
       typeStr: 'NS',
       class: 1,
       ttl: 7200,
       rdata: { length: 12, nsdname: 'dfw-ixns1.ix.netcom.com' },
       length: 24 },
     { name: 'ix.netcom.com',
       type: 2,
       typeStr: 'NS',
       class: 1,
       ttl: 7200,
       rdata: { length: 12, nsdname: 'dfw-ixns2.ix.netcom.com' },
       length: 24 } ],
  additional: 
   [ { name: 'ns1.ix.netcom.com',
       type: 1,
       typeStr: 'A',
       class: 1,
       ttl: 7200,
       rdata: { length: 4, address: '199.182.120.203' },
       length: 16 },
     { name: 'ns2.ix.netcom.com',
       type: 1,
       typeStr: 'A',
       class: 1,
       ttl: 7200,
       rdata: { length: 4, address: '199.182.120.202' },
       length: 16 },
     { name: 'ns3.ix.netcom.com',
       type: 1,
       typeStr: 'A',
       class: 1,
       ttl: 7200,
       rdata: { length: 4, address: '199.182.120.1' },
       length: 16 },
     { name: 'ns4.ix.netcom.com',
       type: 1,
       typeStr: 'A',
       class: 1,
       ttl: 7200,
       rdata: { length: 4, address: '199.182.120.2' },
       length: 16 },
     { name: 'dfw-ixns1.ix.netcom.com',
       type: 1,
       typeStr: 'A',
       class: 1,
       ttl: 7200,
       rdata: { length: 4, address: '206.214.98.33' },
       length: 16 },
     { name: 'dfw-ixns2.ix.netcom.com',
       type: 1,
       typeStr: 'A',
       class: 1,
       ttl: 7200,
       rdata: { length: 4, address: '206.214.98.34' },
       length: 16 } ],
  length: 323 }
