--------------------------------------------------------------
Unpack mesage from 39 bytes of raw data:
message:
{ header: 
   { id: 0,
     opcode: 0,
     qr: 0,
     aa: 0,
     tc: 0,
     rd: 0,
     ra: 0,
     z: 0,
     ad: 0,
     cd: 0,
     rcode: 0,
     qdCount: 1,
     anCount: 0,
     nsCount: 0,
     arCount: 0,
     consumed: 12 },
  question: 
   [ { qname: '2.2.0.10.in-addr.arpa.',
       qtype: 12,
       qclass: 1,
       consumed: 27 } ],
  answer: [],
  authority: [],
  additional: [],
  consumed: 39 }
--------------------------------------------------------------
Packed message (39 bytes):
 0x0000: 00 00 00 00 00 01 00 00 00 00 00 00 01 32 01 32 
 0x0010: 01 30 02 31 30 07 69 6e 2d 61 64 64 72 04 61 72 
 0x0020: 70 61 00 00 0c 00 01
>>> packed buffer matches original source
